###############################################################################
#
# IAR ELF Linker V7.80.4.12462/W32 for ARM                24/Aug/2018  23:06:06
# Copyright 2007-2017 IAR Systems AB.
#
#    Output file  =  
#        E:\Projects\GitHub\bldc_controller\iar\Debug\Exe\bldc_controller.out
#    Map file     =  
#        E:\Projects\GitHub\bldc_controller\iar\Debug\List\bldc_controller.map
#    Command line =  
#        E:\Projects\GitHub\bldc_controller\iar\Debug\Obj\main.o
#        E:\Projects\GitHub\bldc_controller\iar\Debug\Obj\startup_stm32f031x6.o
#        E:\Projects\GitHub\bldc_controller\iar\Debug\Obj\stm32f0xx_it.o
#        E:\Projects\GitHub\bldc_controller\iar\Debug\Obj\system_stm32f0xx.o -o
#        E:\Projects\GitHub\bldc_controller\iar\Debug\Exe\bldc_controller.out
#        --map
#        E:\Projects\GitHub\bldc_controller\iar\Debug\List\bldc_controller.map
#        --config "D:\ProgramFiles\IAR Systems\Embedded Workbench
#        7.5\arm\config\linker\ST\stm32f031x6.icf" --semihosting --entry
#        __iar_program_start --vfe
#
###############################################################################

*******************************************************************************
*** RUNTIME MODEL ATTRIBUTES
***

CppFlavor       = *
__SystemLibrary = DLib


*******************************************************************************
*** PLACEMENT SUMMARY
***

"A0":  place at 0x08000000 { ro section .intvec };
"P1":  place in [from 0x08000000 to 0x08007fff] { ro };
"P2":  place in [from 0x20000000 to 0x20000fff] { rw, block CSTACK, block HEAP };

  Section   Kind        Address   Size  Object
  -------   ----        -------   ----  ------
"A0":                             0xb0
  .intvec   ro code  0x08000000   0xb0  startup_stm32f031x6.o [1]
                   - 0x080000b0   0xb0

"P1":                            0x130
  .text     ro code  0x080000b0   0x94  system_stm32f0xx.o [1]
  .text     ro code  0x08000144   0x1a  cmain.o [4]
  .text     ro code  0x0800015e    0x4  low_level_init.o [3]
  .text     ro code  0x08000162    0x4  main.o [1]
  .text     ro code  0x08000166    0x8  exit.o [3]
  .text     ro code  0x0800016e    0x2  startup_stm32f031x6.o [1]
  .text     ro code  0x08000170    0xa  cexit.o [4]
  .text     ro code  0x0800017a    0x2  startup_stm32f031x6.o [1]
  .text     ro code  0x0800017c   0x14  exit.o [5]
  .text     ro code  0x08000190   0x10  startup_stm32f031x6.o [1]
  .text     ro code  0x080001a0    0xc  stm32f0xx_it.o [1]
  .text     ro code  0x080001ac    0xc  cstartup_M.o [4]
  .text     ro code  0x080001b8    0x2  startup_stm32f031x6.o [1]
  .text     ro code  0x080001ba    0x2  startup_stm32f031x6.o [1]
  .text     ro code  0x080001bc    0x2  startup_stm32f031x6.o [1]
  .text     ro code  0x080001be    0x2  startup_stm32f031x6.o [1]
  .text     ro code  0x080001c0    0x2  startup_stm32f031x6.o [1]
  .text     ro code  0x080001c2    0x2  startup_stm32f031x6.o [1]
  .text     ro code  0x080001c4    0x2  startup_stm32f031x6.o [1]
  .text     ro code  0x080001c6    0x2  startup_stm32f031x6.o [1]
  .text     ro code  0x080001c8    0x2  startup_stm32f031x6.o [1]
  .text     ro code  0x080001ca    0x2  startup_stm32f031x6.o [1]
  .text     ro code  0x080001cc    0x2  startup_stm32f031x6.o [1]
  .text     ro code  0x080001ce    0x2  startup_stm32f031x6.o [1]
  .text     ro code  0x080001d0    0x2  startup_stm32f031x6.o [1]
  .text     ro code  0x080001d2    0x2  startup_stm32f031x6.o [1]
  .text     ro code  0x080001d4    0x2  startup_stm32f031x6.o [1]
  .text     ro code  0x080001d6    0x2  startup_stm32f031x6.o [1]
  .text     ro code  0x080001d8    0x2  startup_stm32f031x6.o [1]
  .text     ro code  0x080001da    0x2  startup_stm32f031x6.o [1]
  .text     ro code  0x080001dc    0x2  startup_stm32f031x6.o [1]
  .text     ro code  0x080001de    0x2  startup_stm32f031x6.o [1]
                   - 0x080001e0  0x130

"P2":                            0x400
  CSTACK             0x20000000  0x400  <Block>
    CSTACK  uninit   0x20000000  0x400  <Block tail>
                   - 0x20000400  0x400



*******************************************************************************
*** MODULE SUMMARY
***

    Module                 ro code  rw data
    ------                 -------  -------
E:\Projects\GitHub\bldc_controller\iar\Debug\Obj: [1]
    main.o                       4
    startup_stm32f031x6.o      236
    stm32f0xx_it.o              12
    system_stm32f0xx.o         148
    ---------------------------------------
    Total:                     400

command line: [2]
    ---------------------------------------
    Total:

dl6M_tln.a: [3]
    exit.o                       8
    low_level_init.o             4
    ---------------------------------------
    Total:                      12

rt6M_tl.a: [4]
    cexit.o                     10
    cmain.o                     26
    cstartup_M.o                12
    ---------------------------------------
    Total:                      48

shb_l.a: [5]
    exit.o                      20
    ---------------------------------------
    Total:                      20

    Linker created                    1 024
-------------------------------------------
    Grand Total:               480    1 024


*******************************************************************************
*** ENTRY LIST
***

Entry                    Address  Size  Type      Object
-----                    -------  ----  ----      ------
?main                 0x08000145        Code  Gb  cmain.o [4]
CSTACK$$Base          0x20000000         --   Gb  - Linker created -
CSTACK$$Limit         0x20000400         --   Gb  - Linker created -
HardFault_Handler     0x080001a3   0x4  Code  Gb  stm32f0xx_it.o [1]
NMI_Handler           0x080001a1   0x2  Code  Gb  stm32f0xx_it.o [1]
PendSV_Handler        0x080001a9   0x2  Code  Gb  stm32f0xx_it.o [1]
Region$$Table$$Base   0x00000000         --   Gb  - Linker created -
Region$$Table$$Limit  0x00000000         --   Gb  - Linker created -
SVC_Handler           0x080001a7   0x2  Code  Gb  stm32f0xx_it.o [1]
SysTick_Handler       0x080001ab   0x2  Code  Gb  stm32f0xx_it.o [1]
SystemInit            0x080000b1  0x68  Code  Gb  system_stm32f0xx.o [1]
__ICFEDIT_region_RAM_end__ {Abs}
                      0x20000fff        Data  Gb  command line/config [2]
__ICFEDIT_region_RAM_start__ {Abs}
                      0x20000000        Data  Gb  command line/config [2]
__cmain               0x08000145        Code  Gb  cmain.o [4]
__exit                0x0800017d  0x14  Code  Gb  exit.o [5]
__iar_program_start   0x080001ad        Code  Gb  cstartup_M.o [4]
__low_level_init      0x0800015f   0x4  Code  Gb  low_level_init.o [3]
__vector_table        0x08000000        Data  Gb  startup_stm32f031x6.o [1]
_call_main            0x08000151        Code  Gb  cmain.o [4]
_exit                 0x08000171        Code  Gb  cexit.o [4]
_main                 0x0800015b        Code  Gb  cmain.o [4]
exit                  0x08000167   0x8  Code  Gb  exit.o [3]
main                  0x08000163   0x4  Code  Gb  main.o [1]


[1] = E:\Projects\GitHub\bldc_controller\iar\Debug\Obj
[2] = command line
[3] = dl6M_tln.a
[4] = rt6M_tl.a
[5] = shb_l.a

    480 bytes of readonly  code memory
  1 024 bytes of readwrite data memory

Errors: none
Warnings: none
